<table class="bar multiple datasets-spacing-10 show-primary-axis show-data-axes show-labels charts-css" id="bar-example-19">
    <caption>
        Bar Example #19
    </caption>
    <thead>
        <tr>
            <th scope="col">
                Year
            </th>
            <th scope="col">
                Progress 1
            </th>
            <th scope="col">
                Progress 2
            </th>
            <th scope="col">
                Progress 3
            </th>
            <th scope="col">
                Progress 4
            </th>
            <th scope="col">
                Progress 5
            </th>
        </tr>
    </thead>
    <tbody>
        <tr>
            <th scope="row">
                2000
            </th>
            <td style="--size: calc(0.2 / 1);"></td>
            <td style="--size: calc(0.5 / 1);"></td>
            <td style="--size: calc(1 / 1);"></td>
            <td style="--size: calc(0.7 / 1);"></td>
            <td style="--size: calc(0.4 / 1);"></td>
        </tr>
        <tr>
            <th scope="row">
                2020
            </th>
            <td style="--size: calc(0.2 / 1);"></td>
            <td style="--size: calc(0.4 / 1);"></td>
            <td style="--size: calc(0.6 / 1);"></td>
            <td style="--size: calc(0.8 / 1);"></td>
            <td style="--size: calc(1 / 1);"></td>
        </tr>
    </tbody>
</table>