<table class="bar reverse charts-css" id="bar-example-2">
    <caption>
        Bar Example #2
    </caption>
    <tbody>
        <tr>
            <td style="--size: calc(0.2 / 1);"></td>
        </tr>
        <tr>
            <td style="--size: calc(0.4 / 1);"></td>
        </tr>
        <tr>
            <td style="--size: calc(0.6 / 1);"></td>
        </tr>
        <tr>
            <td style="--size: calc(0.8 / 1);"></td>
        </tr>
        <tr>
            <td style="--size: calc(1 / 1);"></td>
        </tr>
    </tbody>
</table>