<table class="bar show-primary-axis show-4-secondary-axes show-labels charts-css" id="bar-example-12">
    <caption>
        Bar Example #12
    </caption>
    <thead>
        <tr>
            <th scope="col">
                Year
            </th>
            <th scope="col">
                Progress
            </th>
        </tr>
    </thead>
    <tbody>
        <tr>
            <th scope="row">
                2016
            </th>
            <td style="--size: calc(0.25 / 0.75);"></td>
        </tr>
        <tr>
            <th scope="row">
                2017
            </th>
            <td style="--size: calc(0.5 / 0.75);"></td>
        </tr>
        <tr>
            <th scope="row">
                2018
            </th>
            <td style="--size: calc(0.125 / 0.75);"></td>
        </tr>
        <tr>
            <th scope="row">
                2019
            </th>
            <td style="--size: calc(0.75 / 0.75);"></td>
        </tr>
        <tr>
            <th scope="row">
                2020
            </th>
            <td style="--size: calc(0.25 / 0.75);"></td>
        </tr>
    </tbody>
</table>