<table class="bar data-spacing-3 multiple charts-css" id="bar-example-5">
    <caption>
        Bar Example #5
    </caption>
    <tbody>
        <tr>
            <td style="--size: calc(0.2 / 1);"></td>
            <td style="--size: calc(0.4 / 1);"></td>
            <td style="--size: calc(0.6 / 1);"></td>
            <td style="--size: calc(0.8 / 1);"></td>
            <td style="--size: calc(1 / 1);"></td>
        </tr>
        <tr>
            <td style="--size: calc(0.2 / 1);"></td>
            <td style="--size: calc(0.4 / 1);"></td>
            <td style="--size: calc(0.6 / 1);"></td>
            <td style="--size: calc(0.8 / 1);"></td>
            <td style="--size: calc(1 / 1);"></td>
        </tr>
    </tbody>
</table>