<table class="bar show-primary-axis show-10-secondary-axes show-labels charts-css" id="bar-example-13">
    <caption>
        Bar Example #13
    </caption>
    <thead>
        <tr>
            <th scope="col">
                Year
            </th>
            <th scope="col">
                Progress
            </th>
        </tr>
    </thead>
    <tbody>
        <tr>
            <th scope="row">
                2016
            </th>
            <td style="--size: calc(0.2 / 0.8);"></td>
        </tr>
        <tr>
            <th scope="row">
                2017
            </th>
            <td style="--size: calc(0.8 / 0.8);"></td>
        </tr>
        <tr>
            <th scope="row">
                2018
            </th>
            <td style="--size: calc(0.4 / 0.8);"></td>
        </tr>
        <tr>
            <th scope="row">
                2019
            </th>
            <td style="--size: calc(0.6 / 0.8);"></td>
        </tr>
        <tr>
            <th scope="row">
                2020
            </th>
            <td style="--size: calc(0.2 / 0.8);"></td>
        </tr>
    </tbody>
</table>