<table class="line multiple reverse show-labels hide-data charts-css" id="line-example-7">
    <caption>
        Line Example #7
    </caption>
    <thead>
        <tr>
            <th scope="col">
                Year
            </th>
            <th scope="col">
                Progress 1
            </th>
            <th scope="col">
                Progress 2
            </th>
            <th scope="col">
                Progress 3
            </th>
        </tr>
    </thead>
    <tbody>
        <tr>
            <th scope="row">
                2000
            </th>
            <td style="--start: calc(0.1 / 1); --size: calc(0.5 / 0.8);">
                <span class="data">50</span>
            </td>
            <td style="--start: calc(0 / 1); --size: calc(0.2 / 0.8);">
                <span class="data">20</span>
            </td>
            <td style="--start: calc(0.2 / 1); --size: calc(0.4 / 0.8);">
                <span class="data">40</span>
            </td>
        </tr>
        <tr>
            <th scope="row">
                2010
            </th>
            <td style="--size: calc(0.8 / 0.8); --start: calc(0.5 / 0.8);">
                <span class="data">80</span>
            </td>
            <td style="--size: calc(0.5 / 0.8); --start: calc(0.2 / 0.8);">
                <span class="data">50</span>
            </td>
            <td style="--size: calc(0.1 / 0.8); --start: calc(0.4 / 0.8);">
                <span class="data">10</span>
            </td>
        </tr>
        <tr>
            <th scope="row">
                2020
            </th>
            <td style="--size: calc(0.4 / 0.8); --start: calc(0.8 / 0.8);">
                <span class="data">40</span>
            </td>
            <td style="--size: calc(0.3 / 0.8); --start: calc(0.5 / 0.8);">
                <span class="data">30</span>
            </td>
            <td style="--size: calc(0.2 / 0.8); --start: calc(0.1 / 0.8);">
                <span class="data">20</span>
            </td>
        </tr>
    </tbody>
</table>