<table class="line hide-data show-heading charts-css" id="line-example-4">
    <caption>
        Descriptive Chart Heading
    </caption>
    <tbody>
        <tr>
            <td style="--start: calc(0 / 1); --size: calc(0.4 / 1);">
                <span class="data">$ 40k</span>
            </td>
        </tr>
        <tr>
            <td style="--size: calc(0.2 / 1); --start: calc(0.4 / 1);">
                <span class="data">$ 20k</span>
            </td>
        </tr>
        <tr>
            <td style="--size: calc(0.6 / 1); --start: calc(0.2 / 1);">
                <span class="data">$ 60k</span>
            </td>
        </tr>
        <tr>
            <td style="--size: calc(0.4 / 1); --start: calc(0.6 / 1);">
                <span class="data">$ 40k</span>
            </td>
        </tr>
        <tr>
            <td style="--size: calc(0.8 / 1); --start: calc(0.4 / 1);">
                <span class="data">$ 80k</span>
            </td>
        </tr>
        <tr>
            <td style="--size: calc(0.6 / 1); --start: calc(0.8 / 1);">
                <span class="data">$ 60k</span>
            </td>
        </tr>
        <tr>
            <td style="--size: calc(1 / 1); --start: calc(0.6 / 1);">
                <span class="data">$ 100k</span>
            </td>
        </tr>
    </tbody>
</table>