<table class="line multiple hide-data charts-css" id="line-example-5">
    <caption>
        Line Example #5
    </caption>
    <tbody>
        <tr>
            <td style="--start: calc(0.1 / 1); --size: calc(0.3 / 1);">
                <span class="data">30</span>
            </td>
            <td style="--start: calc(0.6 / 1); --size: calc(0.4 / 1);">
                <span class="data">40</span>
            </td>
            <td style="--start: calc(0.8 / 1); --size: calc(0.7 / 1);">
                <span class="data">70</span>
            </td>
            <td style="--start: calc(0.7 / 1); --size: calc(0.9 / 1);">
                <span class="data">100</span>
            </td>
        </tr>
        <tr>
            <td style="--size: calc(0.1 / 1); --start: calc(0.3 / 1);">
                <span class="data">10</span>
            </td>
            <td style="--size: calc(0.6 / 1); --start: calc(0.4 / 1);">
                <span class="data">60</span>
            </td>
            <td style="--size: calc(0.9 / 1); --start: calc(0.7 / 1);">
                <span class="data">90</span>
            </td>
            <td style="--size: calc(0.7 / 1); --start: calc(0.9 / 1);">
                <span class="data">70</span>
            </td>
        </tr>
        <tr>
            <td style="--size: calc(0.3 / 1); --start: calc(0.1 / 1);">
                <span class="data">30</span>
            </td>
            <td style="--size: calc(0.4 / 1); --start: calc(0.6 / 1);">
                <span class="data">40</span>
            </td>
            <td style="--size: calc(0.8 / 1); --start: calc(0.9 / 1);">
                <span class="data">80</span>
            </td>
            <td style="--size: calc(0.9 / 1); --start: calc(0.7 / 1);">
                <span class="data">90</span>
            </td>
        </tr>
        <tr>
            <td style="--size: calc(0.1 / 1); --start: calc(0.3 / 1);">
                <span class="data">10</span>
            </td>
            <td style="--size: calc(0.6 / 1); --start: calc(0.4 / 1);">
                <span class="data">60</span>
            </td>
            <td style="--size: calc(0.8 / 1); --start: calc(0.8 / 1);">
                <span class="data">80</span>
            </td>
            <td style="--size: calc(0.9 / 1); --start: calc(0.9 / 1);">
                <span class="data">90</span>
            </td>
        </tr>
        <tr>
            <td style="--size: calc(0.3 / 1); --start: calc(0.1 / 1);">
                <span class="data">30</span>
            </td>
            <td style="--size: calc(0.4 / 1); --start: calc(0.6 / 1);">
                <span class="data">40</span>
            </td>
            <td style="--size: calc(1 / 1); --start: calc(0.8 / 1);">
                <span class="data">100</span>
            </td>
            <td style="--size: calc(0.7 / 1); --start: calc(0.9 / 1);">
                <span class="data">70</span>
            </td>
        </tr>
    </tbody>
</table>