<table class="column hide-data show-heading show-labels show-primary-axis show-3-secondary-axes data-spacing-10 multiple stacked charts-css" id="stacked-example-4">
    <caption>
        Percentage Stacked Columns
    </caption>
    <thead>
        <tr>
            <th scope="col">
                continent
            </th>
            <th scope="col">
                #1
            </th>
            <th scope="col">
                #2
            </th>
            <th scope="col">
                #3
            </th>
            <th scope="col">
                #4
            </th>
        </tr>
    </thead>
    <tbody>
        <tr>
            <th scope="row">
                America
            </th>
            <td style="--size: calc(50 / 150);">
                <span class="data">50$</span>
            </td>
            <td style="--size: calc(50 / 150);">
                <span class="data">50$</span>
            </td>
            <td style="--size: calc(30 / 150);">
                <span class="data">30$</span>
            </td>
            <td style="--size: calc(20 / 150);">
                <span class="data">20$</span>
            </td>
        </tr>
        <tr>
            <th scope="row">
                Asia
            </th>
            <td style="--size: calc(30 / 120);">
                <span class="data">30$</span>
            </td>
            <td style="--size: calc(30 / 120);">
                <span class="data">30$</span>
            </td>
            <td style="--size: calc(30 / 120);">
                <span class="data">30$</span>
            </td>
            <td style="--size: calc(30 / 120);">
                <span class="data">30$</span>
            </td>
        </tr>
        <tr>
            <th scope="row">
                Europe
            </th>
            <td style="--size: calc(40 / 140);">
                <span class="data">40$</span>
            </td>
            <td style="--size: calc(25 / 140);">
                <span class="data">25$</span>
            </td>
            <td style="--size: calc(45 / 140);">
                <span class="data">45$</span>
            </td>
            <td style="--size: calc(30 / 140);">
                <span class="data">30$</span>
            </td>
        </tr>
        <tr>
            <th scope="row">
                Africa
            </th>
            <td style="--size: calc(20 / 80);">
                <span class="data">20</span>
            </td>
            <td style="--size: calc(20 / 80);">
                <span class="data">20</span>
            </td>
            <td style="--size: calc(20 / 80);">
                <span class="data">20</span>
            </td>
            <td style="--size: calc(20 / 80);">
                <span class="data">20</span>
            </td>
        </tr>
    </tbody>
</table>