<table class="area reverse charts-css" id="orientation-example-6">
    <caption>
        Orientation Example #6
    </caption>
    <thead>
        <tr>
            <th scope="col">
                Year
            </th>
            <th scope="col">
                Progress
            </th>
        </tr>
    </thead>
    <tbody>
        <tr>
            <th scope="row">
                2016
            </th>
            <td style="--start: calc(0.2 / 1); --size: calc(0.4 / 1);"></td>
        </tr>
        <tr>
            <th scope="row">
                2017
            </th>
            <td style="--size: calc(0.8 / 1); --start: calc(0.4 / 1);"></td>
        </tr>
        <tr>
            <th scope="row">
                2018
            </th>
            <td style="--size: calc(0.6 / 1); --start: calc(0.8 / 1);"></td>
        </tr>
        <tr>
            <th scope="row">
                2019
            </th>
            <td style="--size: calc(1 / 1); --start: calc(0.6 / 1);"></td>
        </tr>
        <tr>
            <th scope="row">
                2020
            </th>
            <td style="--size: calc(0.3 / 1); --start: calc(1 / 1);"></td>
        </tr>
    </tbody>
</table>