<table class="column multiple show-labels show-primary-axis data-spacing-20 charts-css" id="tooltips-example-1">
    <caption>
        Tooltips Example - 2016 Summer Olympics Medal Table
    </caption>
    <thead>
        <tr>
            <th scope="col">
                Country
            </th>
            <th scope="col">
                Gold
            </th>
            <th scope="col">
                Silver
            </th>
            <th scope="col">
                Bronze
            </th>
        </tr>
    </thead>
    <tbody>
        <tr>
            <th scope="row">
                USA
            </th>
            <td style="--size: calc(46 / 46);">
                <span class="data">46<br>
                ðŸ¥‡</span> <span class="tooltip">United States took<br>
                home 46 gold medals</span>
            </td>
            <td style="--size: calc(37 / 46);">
                <span class="data">37<br>
                ðŸ¥ˆ</span> <span class="tooltip">United States took<br>
                home 37 silver medals</span>
            </td>
            <td style="--size: calc(38 / 46);">
                <span class="data">38<br>
                ðŸ¥‰</span> <span class="tooltip">United States took<br>
                home 38 bronze medals</span>
            </td>
        </tr>
        <tr>
            <th scope="row">
                GBR
            </th>
            <td style="--size: calc(27 / 46);">
                <span class="data">27</span> <span class="tooltip">Great Britain took<br>
                home 27 gold medals</span>
            </td>
            <td style="--size: calc(23 / 46);">
                <span class="data">23</span> <span class="tooltip">Great Britain took<br>
                home 23 silver medals</span>
            </td>
            <td style="--size: calc(17 / 46);">
                <span class="data">17</span> <span class="tooltip">Great Britain took<br>
                home 17 bronze medals</span>
            </td>
        </tr>
        <tr>
            <th scope="row">
                CHN
            </th>
            <td style="--size: calc(26 / 46);">
                <span class="data">26</span> <span class="tooltip">China took<br>
                home 26 gold medals</span>
            </td>
            <td style="--size: calc(18 / 46);">
                <span class="data">18</span> <span class="tooltip">China took<br>
                home 18 silver medals</span>
            </td>
            <td style="--size: calc(26 / 46);">
                <span class="data">26</span> <span class="tooltip">China took<br>
                home 26 bronze medals</span>
            </td>
        </tr>
    </tbody>
</table>