<table class="column hide-data data-spacing-3 charts-css" id="colors-example-2">
    <caption>
        Colors Example #2
    </caption>
    <thead>
        <tr>
            <th scope="col">
                Month
            </th>
            <th scope="col">
                Progress
            </th>
        </tr>
    </thead>
    <tbody>
        <tr>
            <th scope="row">
                Jan
            </th>
            <td style="--size: calc(100 / 100);">
                <span class="data">100</span>
            </td>
        </tr>
        <tr>
            <th scope="row">
                Feb
            </th>
            <td style="--size: calc(50 / 100);">
                <span class="data">50</span>
            </td>
        </tr>
        <tr>
            <th scope="row">
                Mar
            </th>
            <td style="--size: calc(80 / 100);">
                <span class="data">80</span>
            </td>
        </tr>
        <tr>
            <th scope="row">
                Apr
            </th>
            <td style="--size: calc(30 / 100);">
                <span class="data">30</span>
            </td>
        </tr>
        <tr>
            <th scope="row">
                May
            </th>
            <td style="--size: calc(50 / 100);">
                <span class="data">50</span>
            </td>
        </tr>
        <tr>
            <th scope="row">
                Jun
            </th>
            <td style="--size: calc(90 / 100);">
                <span class="data">90</span>
            </td>
        </tr>
        <tr>
            <th scope="row">
                Jul
            </th>
            <td style="--color: #fc7; --size: calc(100 / 100);">
                <span class="data">100</span>
            </td>
        </tr>
        <tr>
            <th scope="row">
                Aug
            </th>
            <td style="--size: calc(70 / 100);">
                <span class="data">70</span>
            </td>
        </tr>
        <tr>
            <th scope="row">
                Sep
            </th>
            <td style="--size: calc(40 / 100);">
                <span class="data">40</span>
            </td>
        </tr>
        <tr>
            <th scope="row">
                Oct
            </th>
            <td style="--size: calc(60 / 100);">
                <span class="data">60</span>
            </td>
        </tr>
        <tr>
            <th scope="row">
                Nov
            </th>
            <td style="--size: calc(20 / 100);">
                <span class="data">20</span>
            </td>
        </tr>
        <tr>
            <th scope="row">
                Dec
            </th>
            <td style="--size: calc(90 / 100);">
                <span class="data">90</span>
            </td>
        </tr>
    </tbody>
</table>