<table class="column multiple show-labels hide-data data-spacing-3 datasets-spacing-10 show-primary-axis show-data-axes charts-css" id="colors-example-5">
    <caption>
        Colors Example #5
    </caption>
    <thead>
        <tr>
            <th scope="col">
                Month
            </th>
            <th scope="col">
                Progress
            </th>
        </tr>
    </thead>
    <tbody>
        <tr>
            <th scope="row">
                1900
            </th>
            <td style="--size: calc(60 / 100);">
                <span class="data">60</span>
            </td>
            <td style="--size: calc(70 / 100);">
                <span class="data">70</span>
            </td>
            <td style="--size: calc(80 / 100);">
                <span class="data">80</span>
            </td>
            <td style="--size: calc(90 / 100);">
                <span class="data">90</span>
            </td>
            <td style="--size: calc(100 / 100);">
                <span class="data">100</span>
            </td>
            <td style="--size: calc(100 / 100);">
                <span class="data">100</span>
            </td>
            <td style="--size: calc(90 / 100);">
                <span class="data">90</span>
            </td>
            <td style="--size: calc(80 / 100);">
                <span class="data">80</span>
            </td>
            <td style="--size: calc(70 / 100);">
                <span class="data">70</span>
            </td>
            <td style="--size: calc(60 / 100);">
                <span class="data">60</span>
            </td>
        </tr>
        <tr>
            <th scope="row">
                2000
            </th>
            <td style="--size: calc(60 / 100);">
                <span class="data">60</span>
            </td>
            <td style="--size: calc(70 / 100);">
                <span class="data">70</span>
            </td>
            <td style="--size: calc(80 / 100);">
                <span class="data">80</span>
            </td>
            <td style="--size: calc(90 / 100);">
                <span class="data">90</span>
            </td>
            <td style="--size: calc(100 / 100);">
                <span class="data">100</span>
            </td>
            <td style="--size: calc(100 / 100);">
                <span class="data">100</span>
            </td>
            <td style="--size: calc(90 / 100);">
                <span class="data">90</span>
            </td>
            <td style="--size: calc(80 / 100);">
                <span class="data">80</span>
            </td>
            <td style="--size: calc(70 / 100);">
                <span class="data">70</span>
            </td>
            <td style="--size: calc(60 / 100);">
                <span class="data">60</span>
            </td>
        </tr>
    </tbody>
</table>