<table class="column show-labels hide-data data-spacing-5 charts-css" id="colors-example-9">
    <caption>
        Colors Example #9
    </caption>
    <thead>
        <tr>
            <th scope="col">
                Month
            </th>
            <th scope="col">
                Progress
            </th>
        </tr>
    </thead>
    <tbody>
        <tr>
            <th scope="row">
                Jan
            </th>
            <td style="--size: calc(48 / 100);">
                <span class="data">48</span>
            </td>
        </tr>
        <tr>
            <th scope="row">
                Feb
            </th>
            <td style="--size: calc(40 / 100);">
                <span class="data">40</span>
            </td>
        </tr>
        <tr>
            <th scope="row">
                Mar
            </th>
            <td style="--size: calc(36 / 100);">
                <span class="data">36</span>
            </td>
        </tr>
        <tr>
            <th scope="row">
                Apr
            </th>
            <td style="--size: calc(38 / 100);">
                <span class="data">38</span>
            </td>
        </tr>
        <tr>
            <th scope="row">
                May
            </th>
            <td style="--size: calc(48 / 100);">
                <span class="data">48</span>
            </td>
        </tr>
        <tr>
            <th scope="row">
                Jun
            </th>
            <td style="--size: calc(60 / 100);">
                <span class="data">60</span>
            </td>
        </tr>
        <tr>
            <th scope="row">
                Jul
            </th>
            <td style="--size: calc(78 / 100);">
                <span class="data">78</span>
            </td>
        </tr>
        <tr>
            <th scope="row">
                Aug
            </th>
            <td style="--color: #f84; --size: calc(88 / 100);">
                <span class="data">88</span>
            </td>
        </tr>
        <tr>
            <th scope="row">
                Sep
            </th>
            <td style="--color: #f84; --size: calc(96 / 100);">
                <span class="data">96</span>
            </td>
        </tr>
        <tr>
            <th scope="row">
                Oct
            </th>
            <td style="--color: #f84; --size: calc(100 / 100);">
                <span class="data">100</span>
            </td>
        </tr>
        <tr>
            <th scope="row">
                Nov
            </th>
            <td style="--color: #f84; --size: calc(97 / 100);">
                <span class="data">97</span>
            </td>
        </tr>
        <tr>
            <th scope="row">
                Dec
            </th>
            <td style="--color: repeating-linear-gradient(135deg, #fdc 0px, #fdc 6px, #f84 6px, #f84 12px); --size: calc(84 / 100);">
                <span class="data">84</span>
            </td>
        </tr>
    </tbody>
</table>