<table class="column show-labels hide-data data-spacing-5 charts-css" id="colors-example-10">
    <caption>
        Colors Example #10
    </caption>
    <thead>
        <tr>
            <th scope="col">
                Month
            </th>
            <th scope="col">
                Progress
            </th>
        </tr>
    </thead>
    <tbody>
        <tr>
            <th scope="row">
                Jan
            </th>
            <td style="--size: calc(100 / 100);">
                <span class="data">100</span>
            </td>
        </tr>
        <tr>
            <th scope="row">
                Feb
            </th>
            <td style="--size: calc(90 / 100);">
                <span class="data">90</span>
            </td>
        </tr>
        <tr>
            <th scope="row">
                Mar
            </th>
            <td style="--size: calc(100 / 100);">
                <span class="data">100</span>
            </td>
        </tr>
        <tr>
            <th scope="row">
                Apr
            </th>
            <td style="--size: calc(90 / 100);">
                <span class="data">90</span>
            </td>
        </tr>
        <tr>
            <th scope="row">
                May
            </th>
            <td style="--size: calc(100 / 100);">
                <span class="data">100</span>
            </td>
        </tr>
        <tr>
            <th scope="row">
                Jun
            </th>
            <td style="--size: calc(90 / 100);">
                <span class="data">90</span>
            </td>
        </tr>
        <tr>
            <th scope="row">
                Jul
            </th>
            <td style="--size: calc(100 / 100);">
                <span class="data">100</span>
            </td>
        </tr>
        <tr>
            <th scope="row">
                Aug
            </th>
            <td style="--size: calc(90 / 100);">
                <span class="data">90</span>
            </td>
        </tr>
        <tr>
            <th scope="row">
                Sep
            </th>
            <td style="--size: calc(100 / 100);">
                <span class="data">100</span>
            </td>
        </tr>
        <tr>
            <th scope="row">
                Oct
            </th>
            <td style="--size: calc(90 / 100);">
                <span class="data">90</span>
            </td>
        </tr>
    </tbody>
</table>