<div id="datasets-example-4">
    <table class="column multiple show-labels data-spacing-5 datasets-spacing-1 charts-css">
        <caption>
            Front End Developer Salary
        </caption>
        <tbody>
            <tr>
                <th scope="row">
                    1st year
                </th>
                <td style="--size: calc(20 / 100);">
                    <span class="data">$20k</span>
                </td>
                <td style="--size: calc(40 / 100);">
                    <span class="data">$40k</span>
                </td>
            </tr>
            <tr>
                <th scope="row">
                    2nd year
                </th>
                <td style="--size: calc(30 / 100);">
                    <span class="data">$30k</span>
                </td>
                <td style="--size: calc(60 / 100);">
                    <span class="data">$60k</span>
                </td>
            </tr>
            <tr>
                <th scope="row">
                    3rd year
                </th>
                <td style="--size: calc(40 / 100);">
                    <span class="data">$40k</span>
                </td>
                <td style="--size: calc(75 / 100);">
                    <span class="data">$75k</span>
                </td>
            </tr>
            <tr>
                <th scope="row">
                    4th year
                </th>
                <td style="--size: calc(50 / 100);">
                    <span class="data">$50k</span>
                </td>
                <td style="--size: calc(90 / 100);">
                    <span class="data">$90k</span>
                </td>
            </tr>
            <tr>
                <th scope="row">
                    5th year
                </th>
                <td style="--size: calc(75 / 100);">
                    <span class="data">$75k</span>
                </td>
                <td style="--size: calc(100 / 100);">
                    <span class="data">$100k</span>
                </td>
            </tr>
        </tbody>
    </table>
    <ul class="legend-inline legend-square charts-css legend">
        <li>Asia
        </li>
        <li>Europe
        </li>
    </ul>
</div>