<div id="datasets-example-1">
    <table class="column show-labels data-spacing-5 datasets-spacing-1 charts-css">
        <caption>
            Front End Developer Salary
        </caption>
        <tbody>
            <tr>
                <th scope="row">
                    Asia
                </th>
                <td style="--size: calc(20 / 100);">
                    <span class="data">$20k</span>
                </td>
                <td style="--size: calc(30 / 100);">
                    <span class="data">$30k</span>
                </td>
                <td style="--size: calc(40 / 100);">
                    <span class="data">$40k</span>
                </td>
                <td style="--size: calc(50 / 100);">
                    <span class="data">$50k</span>
                </td>
                <td style="--size: calc(75 / 100);">
                    <span class="data">$75k</span>
                </td>
            </tr>
            <tr>
                <th scope="row">
                    Europe
                </th>
                <td style="--size: calc(40 / 100);">
                    <span class="data">$40k</span>
                </td>
                <td style="--size: calc(60 / 100);">
                    <span class="data">$60k</span>
                </td>
                <td style="--size: calc(75 / 100);">
                    <span class="data">$75k</span>
                </td>
                <td style="--size: calc(90 / 100);">
                    <span class="data">$90k</span>
                </td>
                <td style="--size: calc(100 / 100);">
                    <span class="data">$100k</span>
                </td>
            </tr>
        </tbody>
    </table>
    <ul class="legend-inline legend-square charts-css legend">
        <li>1st year
        </li>
        <li>2nd year
        </li>
        <li>3rd year
        </li>
        <li>4th year
        </li>
        <li>5th year
        </li>
    </ul>
</div>