<table class="column hide-data multiple show-data-axes data-spacing-20 datasets-spacing-4 show-labels charts-css" id="reverse-data-example-3">
    <caption>
        Reverse Data Example #3
    </caption>
    <thead>
        <tr>
            <th scope="col">
                Month
            </th>
            <th scope="col">
                Progress 1
            </th>
            <th scope="col">
                Progress 2
            </th>
            <th scope="col">
                Progress 3
            </th>
            <th scope="col">
                Progress 4
            </th>
            <th scope="col">
                Progress 5
            </th>
        </tr>
    </thead>
    <tbody>
        <tr>
            <th scope="row">
                2000
            </th>
            <td style="--size: calc(20 / 100);">
                <span class="data">20</span>
            </td>
            <td style="--size: calc(50 / 100);">
                <span class="data">50</span>
            </td>
            <td style="--size: calc(100 / 100);">
                <span class="data">100</span>
            </td>
            <td style="--size: calc(70 / 100);">
                <span class="data">70</span>
            </td>
            <td style="--size: calc(40 / 100);">
                <span class="data">40</span>
            </td>
        </tr>
        <tr>
            <th scope="row">
                2010
            </th>
            <td style="--size: calc(90 / 100);">
                <span class="data">90</span>
            </td>
            <td style="--size: calc(60 / 100);">
                <span class="data">60</span>
            </td>
            <td style="--size: calc(40 / 100);">
                <span class="data">40</span>
            </td>
            <td style="--size: calc(70 / 100);">
                <span class="data">70</span>
            </td>
            <td style="--size: calc(100 / 100);">
                <span class="data">100</span>
            </td>
        </tr>
        <tr>
            <th scope="row">
                2020
            </th>
            <td style="--size: calc(20 / 100);">
                <span class="data">20</span>
            </td>
            <td style="--size: calc(40 / 100);">
                <span class="data">40</span>
            </td>
            <td style="--size: calc(60 / 100);">
                <span class="data">60</span>
            </td>
            <td style="--size: calc(80 / 100);">
                <span class="data">80</span>
            </td>
            <td style="--size: calc(100 / 100);">
                <span class="data">100</span>
            </td>
        </tr>
    </tbody>
</table>