<div id="legend-example-7">
    <table class="column multiple hide-data show-labels data-spacing-5 charts-css">
        <caption>
            Front End Developer Salary
        </caption>
        <thead>
            <tr>
                <th scope="col">
                    Continent
                </th>
                <th scope="col">
                    2000
                </th>
                <th scope="col">
                    2005
                </th>
                <th scope="col">
                    2010
                </th>
                <th scope="col">
                    2015
                </th>
                <th scope="col">
                    2020
                </th>
            </tr>
        </thead>
        <tbody>
            <tr>
                <th scope="row">
                    Asia
                </th>
                <td style="--size: calc(20 / 100);">
                    <span class="data">$20k</span>
                </td>
                <td style="--size: calc(30 / 100);">
                    <span class="data">$30k</span>
                </td>
                <td style="--size: calc(40 / 100);">
                    <span class="data">$40k</span>
                </td>
                <td style="--size: calc(50 / 100);">
                    <span class="data">$50k</span>
                </td>
                <td style="--size: calc(60 / 100);">
                    <span class="data">$60k</span>
                </td>
            </tr>
            <tr>
                <th scope="row">
                    Australia
                </th>
                <td style="--size: calc(10 / 100);">
                    <span class="data">$10k</span>
                </td>
                <td style="--size: calc(30 / 100);">
                    <span class="data">$30k</span>
                </td>
                <td style="--size: calc(50 / 100);">
                    <span class="data">$50k</span>
                </td>
                <td style="--size: calc(70 / 100);">
                    <span class="data">$70k</span>
                </td>
                <td style="--size: calc(90 / 100);">
                    <span class="data">$90k</span>
                </td>
            </tr>
            <tr>
                <th scope="row">
                    Europe
                </th>
                <td style="--size: calc(40 / 100);">
                    <span class="data">$40k</span>
                </td>
                <td style="--size: calc(60 / 100);">
                    <span class="data">$60k</span>
                </td>
                <td style="--size: calc(75 / 100);">
                    <span class="data">$75k</span>
                </td>
                <td style="--size: calc(90 / 100);">
                    <span class="data">$90k</span>
                </td>
                <td style="--size: calc(100 / 100);">
                    <span class="data">$100k</span>
                </td>
            </tr>
        </tbody>
    </table>
    <ul class="legend-rhombus charts-css legend">
        <li>2000
        </li>
        <li>2005
        </li>
        <li>2010
        </li>
        <li>2015
        </li>
        <li>2020
        </li>
    </ul>
</div>