<table class="column charts-css" id="data-example-3">
    <caption>
        Data Example #3 - Front End Developer Salary
    </caption>
    <tbody>
        <tr>
            <td style="--size: calc(0.4 / 1);"></td>
        </tr>
        <tr>
            <td style="--size: calc(0.6 / 1);"></td>
        </tr>
        <tr>
            <td style="--size: calc(0.75 / 1);"></td>
        </tr>
        <tr>
            <td style="--size: calc(0.9 / 1);"></td>
        </tr>
        <tr>
            <td style="--size: calc(1 / 1);"></td>
        </tr>
    </tbody>
</table>