<table class="column hide-data charts-css" id="data-example-4">
    <caption>
        Data Example #4 - Front End Developer Salary
    </caption>
    <tbody>
        <tr>
            <td style="--size: calc(40 / 100);">
                <span class="data">$40k</span>
            </td>
        </tr>
        <tr>
            <td style="--size: calc(60 / 100);">
                <span class="data">$60k</span>
            </td>
        </tr>
        <tr>
            <td style="--size: calc(75 / 100);">
                <span class="data">$75k</span>
            </td>
        </tr>
        <tr>
            <td style="--size: calc(90 / 100);">
                <span class="data">$90k</span>
            </td>
        </tr>
        <tr>
            <td style="--size: calc(100 / 100);">
                <span class="data">$100k</span>
            </td>
        </tr>
    </tbody>
</table>