<table class="column multiple show-labels hide-data labels-align-start charts-css" id="labels-example-5">
    <caption>
        Label Example #5
    </caption>
    <thead>
        <tr>
            <th scope="col">
                Year
            </th>
            <th scope="col">
                Progress 1
            </th>
            <th scope="col">
                Progress 2
            </th>
            <th scope="col">
                Progress 3
            </th>
            <th scope="col">
                Progress 4
            </th>
            <th scope="col">
                Progress 5
            </th>
        </tr>
    </thead>
    <tbody>
        <tr>
            <th scope="row">
                2010
            </th>
            <td style="--size: calc(10 / 100);">
                <span class="data">10</span>
            </td>
            <td style="--size: calc(30 / 100);">
                <span class="data">30</span>
            </td>
            <td style="--size: calc(50 / 100);">
                <span class="data">50</span>
            </td>
            <td style="--size: calc(70 / 100);">
                <span class="data">70</span>
            </td>
            <td style="--size: calc(90 / 100);">
                <span class="data">90</span>
            </td>
        </tr>
        <tr>
            <th scope="row">
                2020
            </th>
            <td style="--size: calc(20 / 100);">
                <span class="data">20</span>
            </td>
            <td style="--size: calc(40 / 100);">
                <span class="data">40</span>
            </td>
            <td style="--size: calc(60 / 100);">
                <span class="data">60</span>
            </td>
            <td style="--size: calc(80 / 100);">
                <span class="data">80</span>
            </td>
            <td style="--size: calc(100 / 100);">
                <span class="data">100</span>
            </td>
        </tr>
    </tbody>
</table>