<table class="column hide-data charts-css" id="labels-example-1">
    <caption>
        Label Example #1
    </caption>
    <thead>
        <tr>
            <th scope="col">
                Month
            </th>
            <th scope="col">
                Progress
            </th>
        </tr>
    </thead>
    <tbody>
        <tr>
            <th scope="row">
                Jan
            </th>
            <td style="--size: calc(30 / 100);">
                <span class="data">30</span>
            </td>
        </tr>
        <tr>
            <th scope="row">
                Feb
            </th>
            <td style="--size: calc(50 / 100);">
                <span class="data">50</span>
            </td>
        </tr>
        <tr>
            <th scope="row">
                Mar
            </th>
            <td style="--size: calc(80 / 100);">
                <span class="data">80</span>
            </td>
        </tr>
        <tr>
            <th scope="row">
                Apr
            </th>
            <td style="--size: calc(100 / 100);">
                <span class="data">100</span>
            </td>
        </tr>
        <tr>
            <th scope="row">
                May
            </th>
            <td style="--size: calc(65 / 100);">
                <span class="data">65</span>
            </td>
        </tr>
        <tr>
            <th scope="row">
                Jun
            </th>
            <td style="--size: calc(45 / 100);">
                <span class="data">45</span>
            </td>
        </tr>
        <tr>
            <th scope="row">
                Jul
            </th>
            <td style="--size: calc(15 / 100);">
                <span class="data">15</span>
            </td>
        </tr>
        <tr>
            <th scope="row">
                Aug
            </th>
            <td style="--size: calc(32 / 100);">
                <span class="data">32</span>
            </td>
        </tr>
        <tr>
            <th scope="row">
                Sep
            </th>
            <td style="--size: calc(60 / 100);">
                <span class="data">60</span>
            </td>
        </tr>
        <tr>
            <th scope="row">
                Oct
            </th>
            <td style="--size: calc(90 / 100);">
                <span class="data">90</span>
            </td>
        </tr>
        <tr>
            <th scope="row">
                Nov
            </th>
            <td style="--size: calc(55 / 100);">
                <span class="data">55</span>
            </td>
        </tr>
        <tr>
            <th scope="row">
                Dec
            </th>
            <td style="--size: calc(40 / 100);">
                <span class="data">40</span>
            </td>
        </tr>
    </tbody>
</table>