<table class="area multiple hide-data charts-css" id="area-example-5">
    <caption>
        Area Example #5
    </caption>
    <tbody>
        <tr>
            <td style="--start: calc(0.1 / 1); --size: calc(0.5 / 0.8);">
                <span class="data">50</span>
            </td>
            <td style="--start: calc(0 / 1); --size: calc(0.2 / 0.8);">
                <span class="data">20</span>
            </td>
            <td style="--start: calc(0.2 / 1); --size: calc(0.4 / 0.8);">
                <span class="data">40</span>
            </td>
        </tr>
        <tr>
            <td style="--size: calc(0.8 / 0.8); --start: calc(0.5 / 0.8);">
                <span class="data">80</span>
            </td>
            <td style="--size: calc(0.5 / 0.8); --start: calc(0.2 / 0.8);">
                <span class="data">50</span>
            </td>
            <td style="--size: calc(0.1 / 0.8); --start: calc(0.4 / 0.8);">
                <span class="data">10</span>
            </td>
        </tr>
        <tr>
            <td style="--size: calc(0.4 / 0.8); --start: calc(0.8 / 0.8);">
                <span class="data">40</span>
            </td>
            <td style="--size: calc(0.3 / 0.8); --start: calc(0.5 / 0.8);">
                <span class="data">30</span>
            </td>
            <td style="--size: calc(0.2 / 0.8); --start: calc(0.1 / 0.8);">
                <span class="data">20</span>
            </td>
        </tr>
    </tbody>
</table>