<table class="area hide-data reverse charts-css" id="area-example-3">
    <caption>
        Area Example #3
    </caption>
    <tbody>
        <tr>
            <td style="--start: calc(0.2 / 1); --size: calc(0.4 / 1);"></td>
        </tr>
        <tr>
            <td style="--size: calc(0.8 / 1); --start: calc(0.4 / 1);"></td>
        </tr>
        <tr>
            <td style="--size: calc(0.6 / 1); --start: calc(0.8 / 1);"></td>
        </tr>
        <tr>
            <td style="--size: calc(1 / 1); --start: calc(0.6 / 1);"></td>
        </tr>
        <tr>
            <td style="--size: calc(0.3 / 1); --start: calc(1 / 1);"></td>
        </tr>
    </tbody>
</table>