#my-chart { --color-1: #FF0000; --color-2: #00FF00; --color-3: #0000FF; }