<td style="--size: calc(10 / 20);">
    <span class="data">10.5k</span> <span class="tooltip">This is a tooltip.</span>
</td>
