<th scope="row" class="hide-label" style="--labels-align: center;">
    Label A
</th>