<ul class="legend-inline legend-circle charts-css legend">
    <li>Label A
    </li>
    <li>Label B
    </li>
</ul>