<table class="column show-labels show-primary-axis show-2-secondary-axes charts-css" id="axes-example-5">
    <caption>
        Axes Example #5
    </caption>
    <thead>
        <tr>
            <th scope="col">
                Year
            </th>
            <th scope="col">
                Progress
            </th>
        </tr>
    </thead>
    <tbody>
        <tr>
            <th scope="row">
                2016
            </th>
            <td style="--size: calc(0.2 / 0.6);"></td>
        </tr>
        <tr>
            <th scope="row">
                2017
            </th>
            <td style="--size: calc(0.4 / 0.6);"></td>
        </tr>
        <tr>
            <th scope="row">
                2018
            </th>
            <td style="--size: calc(0.2 / 0.6);"></td>
        </tr>
        <tr>
            <th scope="row">
                2019
            </th>
            <td style="--size: calc(0.6 / 0.6);"></td>
        </tr>
        <tr>
            <th scope="row">
                2020
            </th>
            <td style="--size: calc(0.4 / 0.6);"></td>
        </tr>
    </tbody>
</table>