<table class="column charts-css" id="column-example-1">
    <caption>
        Column Example #1
    </caption>
    <tbody>
        <tr>
            <td style="--size: calc(0.2 / 1);"></td>
        </tr>
        <tr>
            <td style="--size: calc(0.4 / 1);"></td>
        </tr>
        <tr>
            <td style="--size: calc(0.6 / 1);"></td>
        </tr>
        <tr>
            <td style="--size: calc(0.8 / 1);"></td>
        </tr>
        <tr>
            <td style="--size: calc(1 / 1);"></td>
        </tr>
    </tbody>
</table>